ikidevon@ikidevon-LIFEBOOK-E752:~$ ls
Bureau     examples.desktop  Modèles  Public  Téléchargements  Vidéos
Documents  Images            Musique  snap    test
ikidevon@ikidevon-LIFEBOOK-E752:~$ mkdir "jaime le shell"
ikidevon@ikidevon-LIFEBOOK-E752:~$ ls
Bureau     examples.desktop  jaime le shell  Musique  snap             test
Documents  Images            Modèles         Public   Téléchargements  Vidéos
ikidevon@ikidevon-LIFEBOOK-E752:~$ ls -a
.              .dbus             .local    .ssh
..             Documents         Modèles   .sudo_as_admin_successful
.bash_history  examples.desktop  .mozilla  Téléchargements
.bash_logout   .gnome            Musique   test
.bashrc        .gnupg            .pki      Vidéos
Bureau         .ICEauthority     .profile
.cache         Images            Public
.config        jaime le shell    snap
ikidevon@ikidevon-LIFEBOOK-E752:~$ pwd
/home/ikidevon
ikidevon@ikidevon-LIFEBOOK-E752:~$ jaime le shell ls
jaime : commande introuvable
ikidevon@ikidevon-LIFEBOOK-E752:~$ cd /jaime le shell
bash: cd: trop d'arguments
ikidevon@ikidevon-LIFEBOOK-E752:~$ ls
Bureau     examples.desktop  jaime le shell  Musique  snap             test
Documents  Images            Modèles         Public   Téléchargements  Vidéos
ikidevon@ikidevon-LIFEBOOK-E752:~$ /home/ikidevon/Documents/cours
bash: /home/ikidevon/Documents/cours : est un dossier
ikidevon@ikidevon-LIFEBOOK-E752:~$ cd ^C
ikidevon@ikidevon-LIFEBOOK-E752:~$ 
ikidevon@ikidevon-LIFEBOOK-E752:~$ cd /home/ikidevon/Documents/cours
ikidevon@ikidevon-LIFEBOOK-E752:~/Documents/cours$ ls
jaime le shell
ikidevon@ikidevon-LIFEBOOK-E752:~/Documents/cours$ mkdir "le shell c'est trop cool"
ikidevon@ikidevon-LIFEBOOK-E752:~/Documents/cours$ ls
jaime le shell  le shell c'est trop cool
ikidevon@ikidevon-LIFEBOOK-E752:~/Documents/cours$ mv le shell c'est trop cool -/jaime le shell
> ls
> ~/Documents/cours$ mv le shell c'est trop cool ~/jaime le shell
mv: la cible 'shell' n'est pas un répertoire
ikidevon@ikidevon-LIFEBOOK-E752:~/Documents/cours$ ls
jaime le shell  le shell c'est trop cool
ikidevon@ikidevon-LIFEBOOK-E752:~/Documents/cours$ mv le shell c'est trop cool ~/jaime le shell
> ;
> ~/Documents/cours$ mv le shell c'est trop cool ~/jaime le shell
mv: la cible 'shell' n'est pas un répertoire
ikidevon@ikidevon-LIFEBOOK-E752:~/Documents/cours$ mkdir /cours/shell
mkdir: impossible de créer le répertoire «/cours/shell»: Aucun fichier ou dossier de ce type
ikidevon@ikidevon-LIFEBOOK-E752:~/Documents/cours$ mkdir /shell
mkdir: impossible de créer le répertoire «/shell»: Permission non accordée
ikidevon@ikidevon-LIFEBOOK-E752:~/Documents/cours$ pwd
/home/ikidevon/Documents/cours
ikidevon@ikidevon-LIFEBOOK-E752:~/Documents/cours$ cd /cours
bash: cd: /cours: Aucun fichier ou dossier de ce type
ikidevon@ikidevon-LIFEBOOK-E752:~/Documents/cours$ ls
jaime le shell  le shell c'est trop cool
ikidevon@ikidevon-LIFEBOOK-E752:~/Documents/cours$ mv "le shell c'est trop cool" ~/"jaime le shell"
ikidevon@ikidevon-LIFEBOOK-E752:~/Documents/cours$ ls
jaime le shell
ikidevon@ikidevon-LIFEBOOK-E752:~/Documents/cours$ cd ~/Documents/cours/jaime le shell
bash: cd: trop d'arguments
ikidevon@ikidevon-LIFEBOOK-E752:~/Documents/cours$ cd ~/Documents/cours/"j'aime le shell"
bash: cd: /home/ikidevon/Documents/cours/j'aime le shell: Aucun fichier ou dossier de ce type
ikidevon@ikidevon-LIFEBOOK-E752:~/Documents/cours$ ls
jaime le shell
ikidevon@ikidevon-LIFEBOOK-E752:~/Documents/cours$ cd ~/Documents/cours/jaime le shell
bash: cd: trop d'arguments
ikidevon@ikidevon-LIFEBOOK-E752:~/Documents/cours$ cd jaime le shel 
bash: cd: trop d'arguments
ikidevon@ikidevon-LIFEBOOK-E752:~/Documents/cours$ cd ~/jaime le shell 
bash: cd: trop d'arguments
ikidevon@ikidevon-LIFEBOOK-E752:~/Documents/cours$ pwd
/home/ikidevon/Documents/cours
ikidevon@ikidevon-LIFEBOOK-E752:~/Documents/cours$ cd /home/ikidevon/Documents/cours/jaime le shell 
bash: cd: trop d'arguments
ikidevon@ikidevon-LIFEBOOK-E752:~/Documents/cours$ cd /home/ikidevon/Documents/cours
ikidevon@ikidevon-LIFEBOOK-E752:~/Documents/cours$ cd /home/ikidevon/Documents/cours/"jaime le shell"
ikidevon@ikidevon-LIFEBOOK-E752:~/Documents/cours/jaime le shell$ mk dir test1 test2
mk : commande introuvable
ikidevon@ikidevon-LIFEBOOK-E752:~/Documents/cours/jaime le shell$ mk dir test1
mk : commande introuvable
ikidevon@ikidevon-LIFEBOOK-E752:~/Documents/cours/jaime le shell$ mk dir "test1""test2"
mk : commande introuvable
ikidevon@ikidevon-LIFEBOOK-E752:~/Documents/cours/jaime le shell$ mkdir "test1" "test2"
ikidevon@ikidevon-LIFEBOOK-E752:~/Documents/cours/jaime le shell$ ls
test1  test2
ikidevon@ikidevon-LIFEBOOK-E752:~/Documents/cours/jaime le shell$ mkdir "test3" "test4" "test5" "text6"
ikidevon@ikidevon-LIFEBOOK-E752:~/Documents/cours/jaime le shell$ ls
test1  test2  test3  test4  test5  text6
ikidevon@ikidevon-LIFEBOOK-E752:~/Documents/cours/jaime le shell$ ls -l
total 24
drwxr-xr-x 2 ikidevon ikidevon 4096 déc.  11 13:21 test1
drwxr-xr-x 2 ikidevon ikidevon 4096 déc.  11 13:21 test2
drwxr-xr-x 2 ikidevon ikidevon 4096 déc.  11 13:22 test3
drwxr-xr-x 2 ikidevon ikidevon 4096 déc.  11 13:22 test4
drwxr-xr-x 2 ikidevon ikidevon 4096 déc.  11 13:22 test5
drwxr-xr-x 2 ikidevon ikidevon 4096 déc.  11 13:22 text6
ikidevon@ikidevon-LIFEBOOK-E752:~/Documents/cours/jaime le shell$ 







ikidevon@ikidevon-LIFEBOOK-E752:~$ pwd
/home/ikidevon
ikidevon@ikidevon-LIFEBOOK-E752:~$ cd "jaime le shell"
bash: cd: jaime le shell: Aucun fichier ou dossier de ce type
ikidevon@ikidevon-LIFEBOOK-E752:~$ cd 'jaime le shell' 
bash: cd: jaime le shell: Aucun fichier ou dossier de ce type
ikidevon@ikidevon-LIFEBOOK-E752:~$ pwd
/home/ikidevon
ikidevon@ikidevon-LIFEBOOK-E752:~$ cd /Documents
bash: cd: /Documents: Aucun fichier ou dossier de ce type
ikidevon@ikidevon-LIFEBOOK-E752:~$ pwd
/home/ikidevon
ikidevon@ikidevon-LIFEBOOK-E752:~$ ls
Bureau     examples.desktop  Modèles  Public  Téléchargements  Vidéos
Documents  Images            Musique  snap    test
ikidevon@ikidevon-LIFEBOOK-E752:~$ cd Documents
ikidevon@ikidevon-LIFEBOOK-E752:~/Documents$ ls
cours  cv  cvexo2  qu'est ce qu'une condition informatique.odp  test
ikidevon@ikidevon-LIFEBOOK-E752:~/Documents$ cd cours/jaime le shell/"le shell c'est cool"
bash: cd: trop d'arguments
ikidevon@ikidevon-LIFEBOOK-E752:~/Documents$ cd "cours/jaime le shell/le shell c'est cool"
ikidevon@ikidevon-LIFEBOOK-E752:~/Documents/cours/jaime le shell/le shell c'est cool$ mv test2 le shell c'est cool 
> ^C
ikidevon@ikidevon-LIFEBOOK-E752:~/Documents/cours/jaime le shell/le shell c'est cool$ mv "test2" "le shell c'est cool" 
mv: impossible d'évaluer 'test2': Aucun fichier ou dossier de ce type
ikidevon@ikidevon-LIFEBOOK-E752:~/Documents/cours/jaime le shell/le shell c'est cool$ ls
test1
ikidevon@ikidevon-LIFEBOOK-E752:~/Documents/cours/jaime le shell/le shell c'est cool$ ls -a
.  ..  test1
ikidevon@ikidevon-LIFEBOOK-E752:~/Documents/cours/jaime le shell/le shell c'est cool$ mv test3 "le shell c'est cool" 
mv: impossible d'évaluer 'test3': Aucun fichier ou dossier de ce type
ikidevon@ikidevon-LIFEBOOK-E752:~/Documents/cours/jaime le shell/le shell c'est cool$ cd..
cd.. : commande introuvable
ikidevon@ikidevon-LIFEBOOK-E752:~/Documents/cours/jaime le shell/le shell c'est cool$ cd ..
ikidevon@ikidevon-LIFEBOOK-E752:~/Documents/cours/jaime le shell$ mv test3 "le shell c'est cool" 
ikidevon@ikidevon-LIFEBOOK-E752:~/Documents/cours/jaime le shell$ ls 6a 
ls: impossible d'accéder à '6a': Aucun fichier ou dossier de ce type
ikidevon@ikidevon-LIFEBOOK-E752:~/Documents/cours/jaime le shell$ ls -a
.  ..  commande terminal  le shell c'est cool  test2  test4  test5  text6
ikidevon@ikidevon-LIFEBOOK-E752:~/Documents/cours/jaime le shell$ mv test2 test4 test5 test6  "le shell c'est cool" 
mv: impossible d'évaluer 'test6': Aucun fichier ou dossier de ce type
ikidevon@ikidevon-LIFEBOOK-E752:~/Documents/cours/jaime le shell$ mv test6  "le shell c'est cool" 
mv: impossible d'évaluer 'test6': Aucun fichier ou dossier de ce type
ikidevon@ikidevon-LIFEBOOK-E752:~/Documents/cours/jaime le shell$ mv text6 "le shell c'est cool"
ikidevon@ikidevon-LIFEBOOK-E752:~/Documents/cours/jaime le shell$ ls
commande terminal  le shell c'est cool
ikidevon@ikidevon-LIFEBOOK-E752:~/Documents/cours/jaime le shell$ ls-l
ls-l : commande introuvable
ikidevon@ikidevon-LIFEBOOK-E752:~/Documents/cours/jaime le shell$ ls -a
.  ..  commande terminal  le shell c'est cool
ikidevon@ikidevon-LIFEBOOK-E752:~/Documents/cours/jaime le shell$ pwd
/home/ikidevon/Documents/cours/jaime le shell
ikidevon@ikidevon-LIFEBOOK-E752:~/Documents/cours/jaime le shell$ l
commande terminal  le shell c'est cool/
ikidevon@ikidevon-LIFEBOOK-E752:~/Documents/cours/jaime le shell$ info

ikidevon@ikidevon-LIFEBOOK-E752:~/Documents/cours/jaime le shell$ ls -ef
ls : option invalide -- 'e'
Saisissez « ls --help » pour plus d'informations.
ikidevon@ikidevon-LIFEBOOK-E752:~/Documents/cours/jaime le shell$ ls -a
.  ..  commande terminal  le shell c'est cool
ikidevon@ikidevon-LIFEBOOK-E752:~/Documents/cours/jaime le shell$ ls -s
total 12
8 commande terminal  4 le shell c'est cool
ikidevon@ikidevon-LIFEBOOK-E752:~/Documents/cours/jaime le shell$ ps -ef 
UID        PID  PPID  C STIME TTY          TIME CMD
root         1     0  0 12:35 ?        00:00:07 /sbin/init splash
root         2     0  0 12:35 ?        00:00:00 [kthreadd]
root         4     2  0 12:35 ?        00:00:00 [kworker/0:0H]
root         6     2  0 12:35 ?        00:00:00 [mm_percpu_wq]
root         7     2  0 12:35 ?        00:00:00 [ksoftirqd/0]
root         8     2  0 12:35 ?        00:00:03 [rcu_sched]
root         9     2  0 12:35 ?        00:00:00 [rcu_bh]
root        10     2  0 12:35 ?        00:00:00 [migration/0]
root        11     2  0 12:35 ?        00:00:00 [watchdog/0]
root        12     2  0 12:35 ?        00:00:00 [cpuhp/0]
root        13     2  0 12:35 ?        00:00:00 [cpuhp/1]
root        14     2  0 12:35 ?        00:00:00 [watchdog/1]
root        15     2  0 12:35 ?        00:00:00 [migration/1]
root        16     2  0 12:35 ?        00:00:01 [ksoftirqd/1]
root        18     2  0 12:35 ?        00:00:00 [kworker/1:0H]
root        19     2  0 12:35 ?        00:00:00 [cpuhp/2]
root        20     2  0 12:35 ?        00:00:00 [watchdog/2]
root        21     2  0 12:35 ?        00:00:00 [migration/2]
root        22     2  0 12:35 ?        00:00:00 [ksoftirqd/2]
root        24     2  0 12:35 ?        00:00:00 [kworker/2:0H]
root        25     2  0 12:35 ?        00:00:00 [cpuhp/3]
root        26     2  0 12:35 ?        00:00:00 [watchdog/3]
root        27     2  0 12:35 ?        00:00:00 [migration/3]
root        28     2  0 12:35 ?        00:00:00 [ksoftirqd/3]
root        30     2  0 12:35 ?        00:00:00 [kworker/3:0H]
root        31     2  0 12:35 ?        00:00:00 [kdevtmpfs]
root        32     2  0 12:35 ?        00:00:00 [netns]
root        35     2  0 12:35 ?        00:00:00 [khungtaskd]
root        36     2  0 12:35 ?        00:00:00 [oom_reaper]
root        37     2  0 12:35 ?        00:00:00 [writeback]
root        38     2  0 12:35 ?        00:00:00 [kcompactd0]
root        39     2  0 12:35 ?        00:00:00 [ksmd]
root        40     2  0 12:35 ?        00:00:00 [khugepaged]
root        41     2  0 12:35 ?        00:00:00 [crypto]
root        42     2  0 12:35 ?        00:00:00 [kintegrityd]
root        43     2  0 12:35 ?        00:00:00 [kblockd]
root        45     2  0 12:35 ?        00:00:00 [ata_sff]
root        46     2  0 12:35 ?        00:00:00 [md]
root        47     2  0 12:35 ?        00:00:00 [edac-poller]
root        48     2  0 12:35 ?        00:00:00 [devfreq_wq]
root        49     2  0 12:35 ?        00:00:00 [watchdogd]
root        52     2  0 12:35 ?        00:00:00 [kauditd]
root        53     2  0 12:35 ?        00:00:00 [kswapd0]
root        54     2  0 12:35 ?        00:00:00 [ecryptfs-kthrea]
root        96     2  0 12:35 ?        00:00:00 [kthrotld]
root        97     2  0 12:35 ?        00:00:00 [acpi_thermal_pm]
root       104     2  0 12:35 ?        00:00:00 [ipv6_addrconf]
root       136     2  0 12:35 ?        00:00:00 [charger_manager]
root       180     2  0 12:35 ?        00:00:00 [scsi_eh_0]
root       181     2  0 12:35 ?        00:00:00 [scsi_tmf_0]
root       182     2  0 12:35 ?        00:00:00 [scsi_eh_1]
root       183     2  0 12:35 ?        00:00:00 [scsi_tmf_1]
root       184     2  0 12:35 ?        00:00:00 [scsi_eh_2]
root       185     2  0 12:35 ?        00:00:00 [scsi_tmf_2]
root       186     2  0 12:35 ?        00:00:00 [scsi_eh_3]
root       187     2  0 12:35 ?        00:00:00 [scsi_tmf_3]
root       188     2  0 12:35 ?        00:00:00 [scsi_eh_4]
root       189     2  0 12:35 ?        00:00:00 [scsi_tmf_4]
root       190     2  0 12:35 ?        00:00:00 [scsi_eh_5]
root       191     2  0 12:35 ?        00:00:00 [scsi_tmf_5]
root       193     2  0 12:35 ?        00:00:02 [kworker/u16:5]
root       195     2  0 12:35 ?        00:00:02 [i915/signal:0]
root       196     2  0 12:35 ?        00:00:00 [i915/signal:1]
root       197     2  0 12:35 ?        00:00:00 [i915/signal:2]
root       227     2  0 12:35 ?        00:00:00 [kworker/1:1H]
root       228     2  0 12:35 ?        00:00:00 [kworker/3:1H]
root       230     2  0 12:35 ?        00:00:00 [kworker/0:1H]
root       242     2  0 12:35 ?        00:00:00 [kworker/2:1H]
root       250     2  0 12:35 ?        00:00:00 [jbd2/sda2-8]
root       251     2  0 12:35 ?        00:00:00 [ext4-rsv-conver]
root       285     1  0 12:35 ?        00:00:18 /lib/systemd/systemd-journald
root       298     1  0 12:35 ?        00:00:00 /lib/systemd/systemd-udevd
root       328     2  0 12:36 ?        00:00:00 [loop0]
root       338     2  0 12:36 ?        00:00:00 [loop1]
root       339     2  0 12:36 ?        00:00:00 [loop2]
root       340     2  0 12:36 ?        00:00:00 [loop3]
root       341     2  0 12:36 ?        00:00:00 [loop4]
root       342     2  0 12:36 ?        00:00:00 [loop5]
root       343     2  0 12:36 ?        00:00:00 [loop6]
root       344     2  0 12:36 ?        00:00:00 [loop7]
root       345     2  0 12:36 ?        00:00:00 [loop8]
root       484     2  0 12:36 ?        00:00:00 [irq/29-mei_me]
root       507     2  0 12:36 ?        00:00:00 [cfg80211]
root       508     2  0 12:36 ?        00:00:11 [irq/30-iwlwifi]
root       509     2  0 12:36 ?        00:00:00 [kworker/u17:0]
root       510     2  0 12:36 ?        00:00:00 [kmemstick]
root       597     2  0 12:36 ?        00:00:00 [kworker/u17:1]
systemd+   760     1  0 12:36 ?        00:00:00 /lib/systemd/systemd-timesyncd
root       824     1  0 12:36 ?        00:00:00 /usr/sbin/ModemManager
root       826     1  0 12:36 ?        00:00:00 /usr/sbin/irqbalance --foregroun
root       830     1  0 12:36 ?        00:00:05 /lib/systemd/systemd-logind
root       832     1  0 12:36 ?        00:00:00 /usr/sbin/cupsd -l
root       833     1  0 12:36 ?        00:00:15 /usr/sbin/acpid
root       835     1  0 12:36 ?        00:00:00 /usr/lib/udisks2/udisksd
root       836     1  0 12:36 ?        00:00:00 /usr/lib/accountsservice/account
root       839     1  0 12:36 ?        00:00:00 /usr/sbin/thermald --no-daemon -
message+   840     1  0 12:36 ?        00:00:05 /usr/bin/dbus-daemon --system --
root       849     1  0 12:36 ?        00:00:04 /usr/sbin/NetworkManager --no-da
root       851     1  0 12:36 ?        00:00:00 /usr/sbin/cron -f
syslog     852     1  0 12:36 ?        00:00:00 /usr/sbin/rsyslogd -n
avahi      853     1  0 12:36 ?        00:00:00 avahi-daemon: running [ikidevon-
root       854     1  0 12:36 ?        00:00:00 /usr/lib/bluetooth/bluetoothd
root       858     1  0 12:36 ?        00:00:01 /usr/lib/snapd/snapd
avahi      884   853  0 12:36 ?        00:00:00 avahi-daemon: chroot helper
root       885     1  0 12:36 ?        00:00:00 /usr/sbin/cups-browsed
root       910     1  0 12:36 ?        00:00:01 /usr/lib/policykit-1/polkitd --n
systemd+   926     1  0 12:36 ?        00:00:01 /lib/systemd/systemd-resolved
root       928     1  0 12:36 ?        00:00:08 /snap/tor/2/bin/tor
root       949     1  0 12:36 ?        00:00:00 /usr/lib/libmbim/mbim-proxy
mysql      968     1  0 12:36 ?        00:00:04 /usr/sbin/mysqld
root       972     1  0 12:36 ?        00:00:00 /usr/sbin/gdm3
root       996     1  0 12:36 ?        00:00:00 /usr/sbin/apache2 -k start
root       997     1  0 12:36 ?        00:00:00 /sbin/wpa_supplicant -u -s -O /r
root      1011   972  0 12:36 ?        00:00:00 gdm-session-worker [pam/gdm-laun
gdm       1029     1  0 12:36 ?        00:00:00 /lib/systemd/systemd --user
gdm       1030  1029  0 12:36 ?        00:00:00 (sd-pam)
gdm       1037  1011  0 12:36 tty1     00:00:00 /usr/lib/gdm3/gdm-wayland-sessio
gdm       1039  1029  0 12:36 ?        00:00:00 /usr/bin/dbus-daemon --session -
gdm       1043  1037  0 12:36 tty1     00:00:00 /usr/lib/gnome-session/gnome-ses
www-data  1046   996  0 12:36 ?        00:00:00 /usr/sbin/apache2 -k start
www-data  1047   996  0 12:36 ?        00:00:00 /usr/sbin/apache2 -k start
www-data  1048   996  0 12:36 ?        00:00:00 /usr/sbin/apache2 -k start
www-data  1049   996  0 12:36 ?        00:00:00 /usr/sbin/apache2 -k start
www-data  1050   996  0 12:36 ?        00:00:00 /usr/sbin/apache2 -k start
gdm       1081  1043  0 12:36 tty1     00:00:07 /usr/bin/gnome-shell
root      1086     1  0 12:36 ?        00:00:00 /usr/lib/upower/upowerd
gdm       1121  1081  0 12:36 tty1     00:00:00 /usr/bin/Xwayland :1024 -rootles
gdm       1128  1029  0 12:36 ?        00:00:00 /usr/lib/at-spi2-core/at-spi-bus
gdm       1133  1128  0 12:36 ?        00:00:00 /usr/bin/dbus-daemon --config-fi
gdm       1135  1029  0 12:36 ?        00:00:00 /usr/lib/at-spi2-core/at-spi2-re
gdm       1139  1029  0 12:36 ?        00:00:00 /usr/bin/pulseaudio --daemonize=
rtkit     1140     1  0 12:36 ?        00:00:00 /usr/lib/rtkit/rtkit-daemon
whoopsie  1190     1  0 12:36 ?        00:00:00 /usr/bin/whoopsie -f
kernoops  1197     1  0 12:36 ?        00:00:00 /usr/sbin/kerneloops
gdm       1211  1081  0 12:36 tty1     00:00:00 ibus-daemon --xim --panel disabl
gdm       1214  1211  0 12:36 tty1     00:00:00 /usr/lib/ibus/ibus-dconf
gdm       1216     1  0 12:36 tty1     00:00:00 /usr/lib/ibus/ibus-x11 --kill-da
root      1228     1  0 12:36 ?        00:00:10 /usr/lib/packagekit/packagekitd
gdm       1229  1043  0 12:36 tty1     00:00:00 /usr/lib/gnome-settings-daemon/g
gdm       1230  1043  0 12:36 tty1     00:00:00 /usr/lib/gnome-settings-daemon/g
gdm       1232  1043  0 12:36 tty1     00:00:00 /usr/lib/gnome-settings-daemon/g
gdm       1233  1043  0 12:36 tty1     00:00:00 /usr/lib/gnome-settings-daemon/g
gdm       1234  1043  0 12:36 tty1     00:00:00 /usr/lib/gnome-settings-daemon/g
gdm       1237  1043  0 12:36 tty1     00:00:00 /usr/lib/gnome-settings-daemon/g
gdm       1238  1043  0 12:36 tty1     00:00:00 /usr/lib/gnome-settings-daemon/g
gdm       1239  1043  0 12:36 tty1     00:00:00 /usr/lib/gnome-settings-daemon/g
gdm       1240  1043  0 12:36 tty1     00:00:00 /usr/lib/gnome-settings-daemon/g
gdm       1244  1043  0 12:36 tty1     00:00:00 /usr/lib/gnome-settings-daemon/g
gdm       1245  1043  0 12:36 tty1     00:00:00 /usr/lib/gnome-settings-daemon/g
gdm       1246  1043  0 12:36 tty1     00:00:00 /usr/lib/gnome-settings-daemon/g
gdm       1251  1043  0 12:36 tty1     00:00:00 /usr/lib/gnome-settings-daemon/g
gdm       1253  1043  0 12:36 tty1     00:00:00 /usr/lib/gnome-settings-daemon/g
gdm       1254  1043  0 12:36 tty1     00:00:00 /usr/lib/gnome-settings-daemon/g
gdm       1259  1043  0 12:36 tty1     00:00:00 /usr/lib/gnome-settings-daemon/g
gdm       1260  1043  0 12:36 tty1     00:00:00 /usr/lib/gnome-settings-daemon/g
gdm       1264  1043  0 12:36 tty1     00:00:00 /usr/lib/gnome-settings-daemon/g
gdm       1281  1029  0 12:36 ?        00:00:00 /usr/lib/dconf/dconf-service
gdm       1284  1211  0 12:36 tty1     00:00:00 /usr/lib/ibus/ibus-engine-simple
colord    1328     1  0 12:36 ?        00:00:00 /usr/lib/colord/colord
root      1346   972  0 12:36 ?        00:00:00 gdm-session-worker [pam/gdm-pass
ikidevon  1353     1  0 12:36 ?        00:00:00 /lib/systemd/systemd --user
ikidevon  1354  1353  0 12:36 ?        00:00:00 (sd-pam)
ikidevon  1361     1  0 12:36 ?        00:00:00 /usr/bin/gnome-keyring-daemon --
ikidevon  1365  1346  0 12:36 tty2     00:00:00 /usr/lib/gdm3/gdm-x-session --ru
ikidevon  1367  1365  3 12:36 tty2     00:04:14 /usr/lib/xorg/Xorg vt2 -displayf
ikidevon  1395  1353  0 12:36 ?        00:00:01 /usr/bin/dbus-daemon --session -
ikidevon  1398  1365  0 12:36 tty2     00:00:00 /usr/lib/gnome-session/gnome-ses
ikidevon  1487  1398  0 12:36 ?        00:00:00 /usr/bin/ssh-agent /usr/bin/im-l
ikidevon  1490  1353  0 12:36 ?        00:00:00 /usr/lib/gvfs/gvfsd
ikidevon  1495  1353  0 12:36 ?        00:00:00 /usr/lib/gvfs/gvfsd-fuse /run/us
ikidevon  1504  1353  0 12:36 ?        00:00:00 /usr/lib/at-spi2-core/at-spi-bus
ikidevon  1509  1504  0 12:36 ?        00:00:00 /usr/bin/dbus-daemon --config-fi
ikidevon  1511  1353  0 12:36 ?        00:00:01 /usr/lib/at-spi2-core/at-spi2-re
ikidevon  1531  1398  6 12:36 tty2     00:07:03 /usr/bin/gnome-shell
ikidevon  1540     1  4 12:36 ?        00:05:27 /usr/bin/pulseaudio --start --lo
root      1544     2  0 12:36 ?        00:00:00 [krfcommd]
ikidevon  1556  1353  0 12:36 ?        00:00:00 /usr/lib/gnome-shell/gnome-shell
ikidevon  1557  1531  0 12:36 tty2     00:00:13 ibus-daemon --xim --panel disabl
ikidevon  1565  1353  0 12:36 ?        00:00:00 /usr/lib/evolution/evolution-sou
ikidevon  1567  1557  0 12:36 tty2     00:00:00 /usr/lib/ibus/ibus-dconf
ikidevon  1569     1  0 12:36 tty2     00:00:00 /usr/lib/ibus/ibus-x11 --kill-da
ikidevon  1586  1353  0 12:36 ?        00:00:00 /usr/lib/gvfs/gvfs-udisks2-volum
ikidevon  1591  1353  0 12:36 ?        00:00:00 /usr/lib/gnome-online-accounts/g
ikidevon  1593  1353  0 12:36 ?        00:00:00 /usr/lib/gvfs/gvfs-mtp-volume-mo
ikidevon  1599  1353  0 12:36 ?        00:00:00 /usr/lib/gvfs/gvfs-goa-volume-mo
ikidevon  1609  1353  0 12:36 ?        00:00:00 /usr/lib/gnome-online-accounts/g
ikidevon  1614  1353  0 12:36 ?        00:00:00 /usr/lib/gvfs/gvfs-afc-volume-mo
ikidevon  1619  1353  0 12:36 ?        00:00:00 /usr/lib/gvfs/gvfs-gphoto2-volum
ikidevon  1625  1398  0 12:36 tty2     00:00:00 /usr/lib/gnome-settings-daemon/g
ikidevon  1627  1398  0 12:36 tty2     00:00:00 /usr/lib/gnome-settings-daemon/g
ikidevon  1630  1398  0 12:36 tty2     00:00:00 /usr/lib/gnome-settings-daemon/g
ikidevon  1632  1398  0 12:36 tty2     00:00:00 /usr/lib/gnome-settings-daemon/g
ikidevon  1633  1398  0 12:36 tty2     00:00:00 /usr/lib/gnome-settings-daemon/g
ikidevon  1639  1398  0 12:36 tty2     00:00:01 /usr/lib/gnome-settings-daemon/g
ikidevon  1647  1398  0 12:36 tty2     00:00:00 /usr/lib/gnome-settings-daemon/g
ikidevon  1654  1398  0 12:36 tty2     00:00:00 /usr/lib/gnome-settings-daemon/g
ikidevon  1656  1398  0 12:36 tty2     00:00:00 /usr/lib/gnome-settings-daemon/g
ikidevon  1657  1398  0 12:36 tty2     00:00:00 /usr/lib/gnome-settings-daemon/g
ikidevon  1660  1398  0 12:36 tty2     00:00:00 /usr/lib/gnome-settings-daemon/g
ikidevon  1661  1398  0 12:36 tty2     00:00:00 /usr/lib/gnome-settings-daemon/g
ikidevon  1665  1398  0 12:36 tty2     00:00:00 /usr/lib/gnome-settings-daemon/g
ikidevon  1667  1398  0 12:36 tty2     00:00:00 /usr/lib/gnome-settings-daemon/g
ikidevon  1672  1398  0 12:36 tty2     00:00:00 /usr/lib/gnome-settings-daemon/g
ikidevon  1673  1398  0 12:36 tty2     00:00:00 /usr/lib/gnome-settings-daemon/g
ikidevon  1676  1398  0 12:36 tty2     00:00:00 /usr/lib/gnome-settings-daemon/g
ikidevon  1684  1398  0 12:36 tty2     00:00:00 /usr/lib/gnome-settings-daemon/g
ikidevon  1702     1  0 12:36 tty2     00:00:00 /usr/lib/gnome-settings-daemon/g
ikidevon  1725  1398  0 12:36 tty2     00:00:00 kerneloops-applet
ikidevon  1728  1398  0 12:36 tty2     00:00:03 /usr/bin/gnome-software --gappli
ikidevon  1729  1398  0 12:36 tty2     00:00:00 /usr/lib/gnome-disk-utility/gsd-
ikidevon  1733  1398  0 12:36 tty2     00:00:02 nautilus-desktop
ikidevon  1743  1353  0 12:36 ?        00:00:00 /usr/lib/evolution/evolution-cal
ikidevon  1745  1353  0 12:36 ?        00:00:00 /usr/lib/dconf/dconf-service
ikidevon  1759  1353  0 12:36 ?        00:00:00 /usr/lib/gvfs/gvfsd-trash --spaw
ikidevon  1763  1557  0 12:36 tty2     00:00:04 /usr/lib/ibus/ibus-engine-simple
root      1783     1  0 12:36 ?        00:00:00 /usr/lib/fwupd/fwupd
ikidevon  1798  1743  0 12:36 ?        00:00:00 /usr/lib/evolution/evolution-cal
ikidevon  1807  1353  0 12:36 ?        00:00:00 /usr/lib/evolution/evolution-add
ikidevon  1809  1743  0 12:36 ?        00:00:00 /usr/lib/evolution/evolution-cal
ikidevon  1828  1807  0 12:36 ?        00:00:00 /usr/lib/evolution/evolution-add
ikidevon  1841  1353  0 12:36 ?        00:00:00 /usr/lib/gvfs/gvfsd-metadata
ikidevon  1852  1531  1 12:36 tty2     00:02:09 /snap/discord/82/usr/share/disco
ikidevon  1980  1852  0 12:36 tty2     00:00:00 /snap/discord/82/usr/share/disco
ikidevon  2215  1980  9 12:37 tty2     00:10:21 /snap/discord/82/usr/share/disco
ikidevon  2592  1398  0 12:37 tty2     00:00:00 update-notifier
ikidevon  2747     1  2 12:38 tty2     00:02:59 /opt/google/chrome/chrome
ikidevon  2753  2747  0 12:38 tty2     00:00:00 cat
ikidevon  2754  2747  0 12:38 tty2     00:00:00 cat
ikidevon  2757  2747  0 12:38 tty2     00:00:00 /opt/google/chrome/chrome --type
ikidevon  2758  2757  0 12:38 tty2     00:00:00 /opt/google/chrome/nacl_helper
ikidevon  2761  2757  0 12:38 tty2     00:00:00 /opt/google/chrome/chrome --type
ikidevon  2783  2747  1 12:38 tty2     00:02:01 /opt/google/chrome/chrome --type
ikidevon  2821  2783  0 12:38 tty2     00:00:00 /opt/google/chrome/chrome --type
ikidevon  2945  1398  0 12:38 tty2     00:00:00 /usr/lib/x86_64-linux-gnu/deja-d
ikidevon  3051  1353  0 12:39 ?        00:00:00 /usr/lib/bluetooth/obexd
ikidevon  3238     1  0 12:44 tty2     00:00:19 /usr/lib/firefox/firefox -new-wi
ikidevon  3334  3238  0 12:44 tty2     00:00:06 /usr/lib/firefox/firefox -conten
ikidevon  3383  3238  0 12:44 tty2     00:00:00 /usr/lib/firefox/firefox -conten
ikidevon  3646  2761  2 12:49 tty2     00:02:19 /opt/google/chrome/chrome --type
root      3739     2  0 12:49 ?        00:00:00 [kworker/2:0]
ikidevon  3758  1353  0 12:50 ?        00:00:00 /usr/lib/gvfs/gvfsd-network --sp
ikidevon  3776  1353  0 12:50 ?        00:00:00 /usr/lib/gvfs/gvfsd-dnssd --spaw
ikidevon  3812  2761  0 12:51 tty2     00:00:08 /opt/google/chrome/chrome --type
ikidevon  3871  2761  0 12:53 tty2     00:00:49 /opt/google/chrome/chrome --type
ikidevon  4022  2761  0 12:55 tty2     00:00:53 /opt/google/chrome/chrome --type
ikidevon  4037  2761  0 12:55 tty2     00:00:00 /opt/google/chrome/chrome --type
ikidevon  4191  1353  0 13:01 ?        00:00:00 /usr/bin/zeitgeist-daemon
ikidevon  4203  1353  0 13:01 ?        00:00:00 /usr/lib/zeitgeist/zeitgeist/zei
root      4410     2  0 13:09 ?        00:00:01 [kworker/0:1]
ikidevon  4411     1  0 13:09 ?        00:00:00 /snap/sublime-text/38/opt/sublim
ikidevon  4422  4411  0 13:09 ?        00:00:00 /snap/sublime-text/38/opt/sublim
root      5166     2  0 13:39 ?        00:00:00 [kworker/3:1]
root      5167     2  0 13:39 ?        00:00:01 [kworker/1:0]
root      5240     2  0 13:43 ?        00:00:01 [kworker/u16:2]
root      5407     2  0 13:54 ?        00:00:00 [kworker/u16:1]
root      5819     2  0 14:09 ?        00:00:00 [kworker/u16:0]
root      5820     2  0 14:09 ?        00:00:00 [kworker/0:0]
root      5911     2  0 14:13 ?        00:00:00 [kworker/2:1]
ikidevon  5952  1353  0 14:14 ?        00:00:05 /usr/lib/gnome-terminal/gnome-te
ikidevon  5960  5952  0 14:14 pts/0    00:00:00 bash
root      6015     2  0 14:16 ?        00:00:00 [kworker/3:0]
root      6016     2  0 14:16 ?        00:00:00 [kworker/1:1]
root      6063   849  0 14:20 ?        00:00:00 /sbin/dhclient -d -q -sf /usr/li
ikidevon  6211  1353  0 14:23 ?        00:00:01 /usr/bin/nautilus --gapplication
root      6240     2  0 14:24 ?        00:00:00 [kworker/3:2]
root      6241     2  0 14:24 ?        00:00:00 [kworker/0:2]
root      6336     2  0 14:26 ?        00:00:00 [kworker/2:2]
ikidevon  6367  5960  0 14:27 pts/0    00:00:00 ps -ef
ikidevon@ikidevon-LIFEBOOK-E752:~/Documents/cours/jaime le shell$ ls -l
total 12
-rw-rw-r-- 1 ikidevon ikidevon 5371 déc.  11 13:27 commande terminal
drwxr-xr-x 8 ikidevon ikidevon 4096 déc.  11 14:24 le shell c'est cool
ikidevon@ikidevon-LIFEBOOK-E752:~/Documents/cours/jaime le shell$ ls -A
commande terminal  le shell c'est cool
ikidevon@ikidevon-LIFEBOOK-E752:~/Documents/cours/jaime le shell$ ls -AL
commande terminal  le shell c'est cool
ikidevon@ikidevon-LIFEBOOK-E752:~/Documents/cours/jaime le shell$ ls -Al 
total 12
-rw-rw-r-- 1 ikidevon ikidevon 5371 déc.  11 13:27 commande terminal
drwxr-xr-x 8 ikidevon ikidevon 4096 déc.  11 14:24 le shell c'est cool
ikidevon@ikidevon-LIFEBOOK-E752:~/Documents/cours/jaime le shell$ cd shell
bash: cd: shell: Aucun fichier ou dossier de ce type
ikidevon@ikidevon-LIFEBOOK-E752:~/Documents/cours/jaime le shell$ cd le s
bash: cd: trop d'arguments
ikidevon@ikidevon-LIFEBOOK-E752:~/Documents/cours/jaime le shell$ cd /le 
bash: cd: /le: Aucun fichier ou dossier de ce type
ikidevon@ikidevon-LIFEBOOK-E752:~/Documents/cours/jaime le shell$ cd "le"
bash: cd: le: Aucun fichier ou dossier de ce type
ikidevon@ikidevon-LIFEBOOK-E752:~/Documents/cours/jaime le shell$ cd /"le"
bash: cd: /le: Aucun fichier ou dossier de ce type
ikidevon@ikidevon-LIFEBOOK-E752:~/Documents/cours/jaime le shell$ cd "shell c'est cool" 
bash: cd: shell c'est cool: Aucun fichier ou dossier de ce type
ikidevon@ikidevon-LIFEBOOK-E752:~/Documents/cours/jaime le shell$ ls
commande terminal  le shell c'est cool
ikidevon@ikidevon-LIFEBOOK-E752:~/Documents/cours/jaime le shell$ cd le shell c'est cool 
> ^C
ikidevon@ikidevon-LIFEBOOK-E752:~/Documents/cours/jaime le shell$ cd 'le shell c'est cool 
bash: cd: trop d'arguments
ikidevon@ikidevon-LIFEBOOK-E752:~/Documents/cours/jaime le shell$ cd "le shell c'est cool"
ikidevon@ikidevon-LIFEBOOK-E752:~/Documents/cours/jaime le shell/le shell c'est cool$ ls
test1  test2  test3  test4  test5  text6
ikidevon@ikidevon-LIFEBOOK-E752:~/Documents/cours/jaime le shell/le shell c'est cool$ ls -a
.  ..  test1  test2  test3  test4  test5  text6
ikidevon@ikidevon-LIFEBOOK-E752:~/Documents/cours/jaime le shell/le shell c'est cool$ mkdir doscre
ikidevon@ikidevon-LIFEBOOK-E752:~/Documents/cours/jaime le shell/le shell c'est cool$ mv test1 "doscre"
ikidevon@ikidevon-LIFEBOOK-E752:~/Documents/cours/jaime le shell/le shell c'est cool$ mv test5 "doscre"
ikidevon@ikidevon-LIFEBOOK-E752:~/Documents/cours/jaime le shell/le shell c'est cool$ cd doscre
ikidevon@ikidevon-LIFEBOOK-E752:~/Documents/cours/jaime le shell/le shell c'est cool/doscre$ ls
test1  test5
ikidevon@ikidevon-LIFEBOOK-E752:~/Documents/cours/jaime le shell/le shell c'est cool/doscre$ cp test2 "doscre"
cp: impossible d'évaluer 'test2': Aucun fichier ou dossier de ce type
ikidevon@ikidevon-LIFEBOOK-E752:~/Documents/cours/jaime le shell/le shell c'est cool/doscre$ cp "test2"
cp: opérande de fichier cible manquant après 'test2'
Saisissez « cp --help » pour plus d'informations.
ikidevon@ikidevon-LIFEBOOK-E752:~/Documents/cours/jaime le shell/le shell c'est cool/doscre$ cp "test2" "doscre"
cp: impossible d'évaluer 'test2': Aucun fichier ou dossier de ce type
ikidevon@ikidevon-LIFEBOOK-E752:~/Documents/cours/jaime le shell/le shell c'est cool/doscre$ cd ..
ikidevon@ikidevon-LIFEBOOK-E752:~/Documents/cours/jaime le shell/le shell c'est cool$ ls
doscre  test2  test3  test4  text6
ikidevon@ikidevon-LIFEBOOK-E752:~/Documents/cours/jaime le shell/le shell c'est cool$ cp test2 doscre/
cp: -r not specified; omitting directory 'test2'
ikidevon@ikidevon-LIFEBOOK-E752:~/Documents/cours/jaime le shell/le shell c'est cool$ man cp 
ikidevon@ikidevon-LIFEBOOK-E752:~/Documents/cours/jaime le shell/le shell c'est cool$ cp -r test2 doscre/
ikidevon@ikidevon-LIFEBOOK-E752:~/Documents/cours/jaime le shell/le shell c'est cool$ ls
doscre  test2  test3  test4  text6
ikidevon@ikidevon-LIFEBOOK-E752:~/Documents/cours/jaime le shell/le shell c'est cool$ cd doscre
ikidevon@ikidevon-LIFEBOOK-E752:~/Documents/cours/jaime le shell/le shell c'est cool/doscre$ ls
test1  test2  test5
ikidevon@ikidevon-LIFEBOOK-E752:~/Documents/cours/jaime le shell/le shell c'est cool/doscre$ cd ..
ikidevon@ikidevon-LIFEBOOK-E752:~/Documents/cours/jaime le shell/le shell c'est cool$ ls
doscre  test2  test3  test4  text6
ikidevon@ikidevon-LIFEBOOK-E752:~/Documents/cours/jaime le shell/le shell c'est cool$ cp -r test6 doscre/
cp: impossible d'évaluer 'test6': Aucun fichier ou dossier de ce type
ikidevon@ikidevon-LIFEBOOK-E752:~/Documents/cours/jaime le shell/le shell c'est cool$ cd doscre
ikidevon@ikidevon-LIFEBOOK-E752:~/Documents/cours/jaime le shell/le shell c'est cool/doscre$ ls
test1  test2  test5
ikidevon@ikidevon-LIFEBOOK-E752:~/Documents/cours/jaime le shell/le shell c'est cool/doscre$ cp -r text6 doscre/
cp: impossible d'évaluer 'text6': Aucun fichier ou dossier de ce type
ikidevon@ikidevon-LIFEBOOK-E752:~/Documents/cours/jaime le shell/le shell c'est cool/doscre$ cp -r ../text6 ../doscre/
ikidevon@ikidevon-LIFEBOOK-E752:~/Documents/cours/jaime le shell/le shell c'est cool/doscre$ ls
test1  test2  test5  text6
ikidevon@ikidevon-LIFEBOOK-E752:~/Documents/cours/jaime le shell/le shell c'est cool/doscre$ 


